[38;5;2m✔ Created output directory: ner_model/output[0m
[38;5;4mℹ Saving to output directory: ner_model/output[0m
[38;5;4mℹ Using GPU: 0[0m
[1m
=========================== Initializing pipeline ===========================[0m
[38;5;2m✔ Initialized pipeline[0m
[1m
============================= Training pipeline =============================[0m
[38;5;4mℹ Pipeline: ['transformer', 'ner'][0m
[38;5;4mℹ Set annotations on update for: ['transformer', 'ner'][0m
[38;5;4mℹ Initial learn rate: 0.0[0m
E    #       LOSS TRANS...  LOSS NER  ENTS_F  ENTS_P  ENTS_R  SCORE 
---  ------  -------------  --------  ------  ------  ------  ------
/home/reckless/NEXUS-Sutrava/model/.venv/lib/python3.14/site-packages/thinc/util.py:401: VisibleDeprecationWarning: This function is deprecated and will be removed in a future release. Use the cupy.from_dlpack() array constructor instead.
  dlpack_tensor = xp_tensor.toDlpack()  # type: ignore
  0       0           0.00     16.92    0.00    0.00    0.00    0.00
  0     200          15.91   3902.21    0.00    0.00    0.00    0.00
  0     400          19.82   1447.10    0.00    0.00    0.00    0.00
  0     600         220.40   1065.28   36.81   39.95   34.14    0.37
  0     800         151.83    937.38   44.36   46.04   42.79    0.44
  0    1000          41.53    795.50   78.94   79.08   78.81    0.79
  0    1200          39.89    553.64   91.15   91.27   91.04    0.91
  0    1400          35.87    258.18   96.12   96.17   96.08    0.96
  0    1600          37.40    194.80   91.25   89.34   93.23    0.91
  0    1800          32.34    171.85   93.28   93.35   93.20    0.93
  0    2000          24.18    145.65   93.55   93.87   93.23    0.94
  0    2200          34.52    147.72   93.12   92.98   93.27    0.93
[38;5;2m✔ Saved pipeline to output directory[0m
ner_model/output/model-last
